{
  "cniVersion": "0.3.1",
  "name": "k8s-pod-network",
  "plugins": [
    {
      "binDir": "/opt/multus/bin",
      "delegates": [
        {
          "cniVersion": "0.3.1",
          "name": "openshift-sdn",
          "type": "openshift-sdn"
        }
      ],
      "globalNamespaces": "default,openshift-multus,openshift-sriov-network-operator",
      "kubeconfig": "/etc/kubernetes/cni/net.d/multus.d/multus.kubeconfig",
      "logLevel": "verbose",
      "name": "multus-cni-network",
      "namespaceIsolation": true,
      "readinessindicatorfile": "/var/run/multus/cni/net.d/80-openshift-network.conf",
      "type": "multus"
    },
    {
      "cni_bin_dir": "/var/lib/cni/bin",
      "cni_net_dir": "/etc/kubernetes/cni/net.d",
      "kubeconfig": "ZZZ-consul-cni-kubeconfig",
      "log_level": "info",
      "multus": false,
      "name": "consul-cni",
      "type": "consul-cni"
    }
  ]
}
