# Kubeconfig file for consul CNI plugin.
apiVersion: v1
kind: Config
clusters:
- name: local
  cluster:
    server: https://[172.30.0.1]:443
    certificate-authority-data: LS0tLS1CRUdJTiBDRVJUSUZJQ0FURS0tLS0
users:
- name: consul-cni
  user:
    token: "eyJhbGciOiJSUzI1NiIsImtp"
contexts:
- name: consul-cni-context
  context:
    cluster: local
    user: consul-cni
current-context: consul-cni-context
