apiVersion: v1
clusters:
- cluster:
    certificate-authority: LS0tLS1CRUdJTiBDRVJUSUZJQ0FURS0tLS0
    server: https://[172.30.0.1]:443
  name: local
contexts:
- context:
    cluster: local
    user: consul-cni
  name: consul-cni-context
current-context: consul-cni-context
kind: Config
preferences: {}
users:
- name: consul-cni
  user:
    as-user-extra: null
    token: eyJhbGciOiJSUzI1NiIsImtp
